  --max-nproc: 2 GPUs detected, launching torchrun --nproc_per_node=2

*****************************************
Setting OMP_NUM_THREADS environment variable for each process to be 1 in default, to avoid your system being overloaded, please further tune the variable for optimal performance in your application as needed. 
*****************************************
[W515 22:11:29.413606803 socket.cpp:207] [c10d] The hostname of the client socket cannot be retrieved. err=-3
[W515 22:11:37.631954740 socket.cpp:207] [c10d] The hostname of the client socket cannot be retrieved. err=-3
============================================================
  AXIOM-LRM TRAINING
============================================================

  [22:11:37] Loading tokenizer (GPT-2)...
[W515 22:11:37.664837743 socket.cpp:207] [c10d] The hostname of the client socket cannot be retrieved. err=-3
Warning: You are sending unauthenticated requests to the HF Hub. Please set a HF_TOKEN to enable higher rate limits and faster downloads.
tokenizer_config.json: 100%|██████████████████| 26.0/26.0 [00:00<00:00, 129kB/s]
vocab.json: 1.04MB [00:00, 26.1MB/s]
Warning: You are sending unauthenticated requests to the HF Hub. Please set a HF_TOKEN to enable higher rate limits and faster downloads.
merges.txt: 456kB [00:00, 5.82MB/s]
tokenizer.json: 1.36MB [00:00, 15.6MB/s]
  Preset: general synthetic_ratio=0.25 sources=general:1, math:0.5, code:0.5

  [22:11:39] Building model config...
  NOTE: seq_len auto-reduced 4096 -> 512 (15 GiB GPU detected; use --seq-len N to override)
  NOTE: seq_len auto-reduced 4096 -> 512 (15 GiB GPU detected; use --seq-len N to override)

  [22:11:39] Loading training data...
  Streaming from 3 HuggingFace dataset(s):
    - open-web-math/open-web-math
    - bigcode/the-stack-v2-dedup
    - HuggingFaceFW/fineweb
  This may take minutes on first run (downloading dataset metadata).
  Creating streaming token dataset (3 source(s))
    - open-web-math/open-web-math [train] weight=3.0
    - bigcode/the-stack-v2-dedup [train] weight=2.0
    - HuggingFaceFW/fineweb [train] weight=1.0
  Batch size: 1 | Sequence length: 512

  [22:11:39] Creating synthetic data loader...

  [22:11:39] Initializing model...
  Device: cuda:0 | DDP=True rank=0/2
  Vocab: 50257
  Text sequences: streaming
  Params: 644.18M (0.6B)

  [22:11:57] Starting training (max 10000 steps)
Training: 0/10000 [00:00<?, ?steps/s]  [data] Loading spec 1: open-web-math/open-web-math (weight=3.0)
  [data] Connecting to HF: open-web-math/open-web-math (config=None, split=train)
  [data] This downloads dataset metadata first — may take minutes on slow connections.
  [data] Connecting to HF: open-web-math/open-web-math (config=None, split=train)
  [data] This downloads dataset metadata first — may take minutes on slow connections.

README.md: 4.80kB [00:00, 12.2MB/s]

Resolving data files: 100%|████████████████| 114/114 [00:00<00:00, 28483.39it/s]
Resolving data files: 100%|████████████████| 114/114 [00:00<00:00, 21992.03it/s]
  [data] Connected (1.2s). Streaming records...
  [data] Connected (1.2s). Streaming records...
Training: 200/10000 [05:55<4:54:12,  1.80s/steps]
  >>> The for Forsaken,, protagonistrelevantboarding surreal nostalgia Whe, mergerkefRegarding,
Training: 400/10000 [12:58<5:33:54,  2.09s/steps] 
  >>> The Asus0 insist withstand( irrational( accomplish$zin Bean Powers Turner SussexStatic
Training: 500/10000 [16:33<5:34:38,  2.11s/steps]/usr/local/lib/python3.12/dist-packages/torch/distributed/fsdp/fully_sharded_data_parallel.py:822: FutureWarning: FSDP.state_dict_type() and FSDP.set_state_dict_type() are being deprecated. Please use APIs, get_state_dict() and set_state_dict(), which can support different parallelisms, FSDP1, FSDP2, DDP. API doc: https://pytorch.org/docs/stable/distributed.checkpoint.html#torch.distributed.checkpoint.state_dict.get_state_dict .Tutorial: https://pytorch.org/tutorials/recipes/distributed_checkpoint_recipe.html .
  prev_state_dict_settings = FullyShardedDataParallel.set_state_dict_type(
/usr/local/lib/python3.12/dist-packages/torch/distributed/fsdp/fully_sharded_data_parallel.py:829: FutureWarning: FSDP.state_dict_type() and FSDP.set_state_dict_type() are being deprecated. Please use APIs, get_state_dict() and set_state_dict(), which can support different parallelisms, FSDP1, FSDP2, DDP. API doc: https://pytorch.org/docs/stable/distributed.checkpoint.html#torch.distributed.checkpoint.state_dict.get_state_dict .Tutorial: https://pytorch.org/tutorials/recipes/distributed_checkpoint_recipe.html .
  FullyShardedDataParallel.set_state_dict_type(
Training: 600/10000 [20:40<5:25:28,  2.08s/steps] 
  >>> The55 mere5vern555555 *5 Osh Endurance
Training: 800/10000 [27:41<5:06:58,  2.00s/steps] 
  >>> The. ashes. majority Loaded anklesAccordingobook Zika MIA..pres Wrestling.
Training: 1000/10000 [34:43<5:09:50,  2.07s/steps]
  >>> TheThings... Ty,. Kim,,,.,,,
Training: 1200/10000 [42:25<5:04:06,  2.07s/steps] 
  >>> The tempor sculpt styling$$aya$1 kilograms Stellar1)orses212
Training: 1400/10000 [49:25<4:53:05,  2.04s/steps]
  >>> The mathematic. Dillon territ charity,,24.. unmist2ActionCode,
Training: 1600/10000 [57:15<4:51:25,  2.08s/steps] 
  >>> The sealing electrons- 306 Monk Witt Q Above Troubleistries$ denote snug Moveswolf
Training: 1800/10000 [1:04:21<4:43:42,  2.08s/steps]
  >>> The,..Ct.2.,,. 2008,. own.
Training: 1928/10000 [1:08:56<4:37:32,  2.06s/steps]  [data] 500 records streamed, buffer=872 tokens
Training: 2000/10000 [1:11:26<4:37:00,  2.08s/steps]
  >>> The reminders Rhino. colourful BrickDeb. beating Column)job. hosp, relay
Training: 2200/10000 [1:19:13<4:27:57,  2.06s/steps] 
  >>> The$, phones Filipino prevailed, Sick bottled Prototype kilometersstrength smash rulerPercent Mansion
Training: 2400/10000 [1:26:19<4:24:53,  2.09s/steps]
  >>> The,, outrarily), aestheticsaught5,).).,
Training: 2600/10000 [1:34:06<4:17:37,  2.09s/steps] 
  >>> Thevertis Education, sympathetic finRumFlow(individualiaz bordererenn microbiota Louisville Badge
Training: 2800/10000 [1:41:12<4:11:33,  2.10s/steps]
  >>> The?? punWithNo522 vile Database dri elbows vaginal Bangkok resident, Hot Cairo evaluated
Training: 3000/10000 [1:48:23<4:04:04,  2.09s/steps]
  >>> The3 heroism? dexter, potion Tun AlsoLong appealsevidencebuilders? temporary Christine
Training: 3200/10000 [1:56:18<4:05:23,  2.17s/steps] 
  >>> Thectureime Bhar influenza d?xesava southwestern jan sects,getting ONEgive Hazel
Training: 3400/10000 [2:03:30<3:54:57,  2.14s/steps]
  >>> The,friedctrl R prince discovered.141asso Cable prompt surplus. purity Buildings
Training: 3431/10000 [2:04:44<3:55:38,  2.15s/steps]
